Archive member included to satisfy reference by file (symbol)

/Applications/VEXcode.app/Contents/Resources/sdk/vexv5/libv5rt.a(v5_startup.c.obj)
                              (vexStartup)
/Applications/VEXcode.app/Contents/Resources/sdk/vexv5/libv5rt.a(v5_util.c.obj)
                              /Applications/VEXcode.app/Contents/Resources/sdk/vexv5/libv5rt.a(v5_startup.c.obj) (vexStdlibVersionLinked)
/Applications/VEXcode.app/Contents/Resources/sdk/vexv5/libv5rt.a(v5_apijump.c.obj)
                              /Applications/VEXcode.app/Contents/Resources/sdk/vexv5/libv5rt.a(v5_startup.c.obj) (vexPrivateApiEnable)
/Applications/VEXcode.app/Contents/Resources/sdk/vexv5/libv5rt.a(v5_apiversions.c.obj)
                              /Applications/VEXcode.app/Contents/Resources/sdk/vexv5/libv5rt.a(v5_apijump.c.obj) (vexSystemVersion)
/Applications/VEXcode.app/Contents/Resources/sdk/vexv5/libv5rt.a(vex_task.cpp.obj)
                              build/src/main.o (vex::task::sleep(unsigned long))
/Applications/VEXcode.app/Contents/Resources/sdk/vexv5/libv5rt.a(vex_brain.cpp.obj)
                              build/src/main.o (vex::brain::~brain())
/Applications/VEXcode.app/Contents/Resources/sdk/vexv5/libv5rt.a(vex_competition.cpp.obj)
                              build/src/main.o (vex::competition::competition())
/Applications/VEXcode.app/Contents/Resources/sdk/vexv5/libv5rt.a(vex_triport.cpp.obj)
                              /Applications/VEXcode.app/Contents/Resources/sdk/vexv5/libv5rt.a(vex_brain.cpp.obj) (vex::triport::~triport())
/Applications/VEXcode.app/Contents/Resources/sdk/vexv5/libv5rt.a(vex_color.cpp.obj)
                              /Applications/VEXcode.app/Contents/Resources/sdk/vexv5/libv5rt.a(vex_brain.cpp.obj) (vex::color::operator unsigned long() const)
/Applications/VEXcode.app/Contents/Resources/sdk/vexv5/libv5rt.a(vex_timer.cpp.obj)
                              /Applications/VEXcode.app/Contents/Resources/sdk/vexv5/libv5rt.a(vex_brain.cpp.obj) (vex::timer::~timer())
/Applications/VEXcode.app/Contents/Resources/sdk/vexv5/libv5rt.a(v5_apiuser.c.obj)
                              /Applications/VEXcode.app/Contents/Resources/sdk/vexv5/libv5rt.a(vex_triport.cpp.obj) (vexAdiPortConfigSet)
/Applications/VEXcode.app/Contents/Resources/sdk/vexv5/libv5rt.a(vex_global.cpp.obj)
                              /Applications/VEXcode.app/Contents/Resources/sdk/vexv5/libv5rt.a(vex_brain.cpp.obj) (vex::PORT22)
/Applications/VEXcode.app/Contents/Resources/sdk/vexv5/libv5rt.a(vex_device.cpp.obj)
                              /Applications/VEXcode.app/Contents/Resources/sdk/vexv5/libv5rt.a(vex_triport.cpp.obj) (vex::device::value())
/Applications/VEXcode.app/Contents/Resources/sdk/vexv5/libv5rt.a(vex_event.cpp.obj)
                              /Applications/VEXcode.app/Contents/Resources/sdk/vexv5/libv5rt.a(vex_brain.cpp.obj) (vex::event::init(unsigned long, unsigned long, void (*)()))
/Applications/VEXcode.app/Contents/Resources/sdk/vexv5/libv5rt.a(vex_mevent.cpp.obj)
                              /Applications/VEXcode.app/Contents/Resources/sdk/vexv5/libv5rt.a(vex_brain.cpp.obj) (vex::mevent::mevent(unsigned long, unsigned long))
/Applications/VEXcode.app/Contents/Resources/sdk/vexv5/gcc/libs/libc.a(lib_a-fini.o)
                              /Applications/VEXcode.app/Contents/Resources/sdk/vexv5/libv5rt.a(v5_startup.c.obj) (__libc_fini_array)
/Applications/VEXcode.app/Contents/Resources/sdk/vexv5/gcc/libs/libc.a(lib_a-impure.o)
                              /Applications/VEXcode.app/Contents/Resources/sdk/vexv5/libv5rt.a(v5_startup.c.obj) (_impure_ptr)
/Applications/VEXcode.app/Contents/Resources/sdk/vexv5/gcc/libs/libc.a(lib_a-init.o)
                              /Applications/VEXcode.app/Contents/Resources/sdk/vexv5/libv5rt.a(v5_startup.c.obj) (__libc_init_array)
/Applications/VEXcode.app/Contents/Resources/sdk/vexv5/gcc/libs/libc.a(lib_a-tolower.o)
                              /Applications/VEXcode.app/Contents/Resources/sdk/vexv5/libv5rt.a(vex_brain.cpp.obj) (tolower)
/Applications/VEXcode.app/Contents/Resources/sdk/vexv5/gcc/libs/libc.a(lib_a-ctype_.o)
                              /Applications/VEXcode.app/Contents/Resources/sdk/vexv5/gcc/libs/libc.a(lib_a-tolower.o) (__ctype_ptr__)

Allocating common symbols
Common symbol       size              file

__vex_critical_section
                    0x1               /Applications/VEXcode.app/Contents/Resources/sdk/vexv5/libv5rt.a(v5_startup.c.obj)

Discarded input sections

 .text          0x0000000000000000        0x0 build/src/main.o
 .text._Z9pre_autonv
                0x0000000000000000        0x4 build/src/main.o
 .ARM.exidx.text._Z9pre_autonv
                0x0000000000000000        0x8 build/src/main.o
 .llvm_addrsig  0x0000000000000000        0x6 build/src/main.o
 .text          0x0000000000000000        0x0 /Applications/VEXcode.app/Contents/Resources/sdk/vexv5/libv5rt.a(v5_startup.c.obj)
[...]
Memory Configuration

Name             Origin             Length             Attributes
ps7_ddr_0_S_AXI_BASEADDR 0x0000000003800000 0x0000000004800000
*default*        0x0000000000000000 0xffffffffffffffff

Linker script and memory map

                0x0000000000002000                _STACK_SIZE = DEFINED (_STACK_SIZE)?_STACK_SIZE:0x2000
                0x0000000000100000                _HEAP_SIZE = DEFINED (_HEAP_SIZE)?_HEAP_SIZE:0x100000
                0x0000000000000400                _ABORT_STACK_SIZE = DEFINED (_ABORT_STACK_SIZE)?_ABORT_STACK_SIZE:0x400
                0x0000000000000800                _SUPERVISOR_STACK_SIZE = DEFINED (_SUPERVISOR_STACK_SIZE)?_SUPERVISOR_STACK_SIZE:0x800
                0x0000000000000400                _IRQ_STACK_SIZE = DEFINED (_IRQ_STACK_SIZE)?_IRQ_STACK_SIZE:0x400
                0x0000000000000400                _FIQ_STACK_SIZE = DEFINED (_FIQ_STACK_SIZE)?_FIQ_STACK_SIZE:0x400
                0x0000000000000400                _UNDEF_STACK_SIZE = DEFINED (_UNDEF_STACK_SIZE)?_UNDEF_STACK_SIZE:0x400

.text           0x0000000003800000     0x14b8
 *(.vectors)
 *(.boot_data)
 .boot_data     0x0000000003800000       0x20 /Applications/VEXcode.app/Contents/Resources/sdk/vexv5/libv5rt.a(v5_startup.c.obj)
                0x0000000003800000                vexCodeSig
                0x0000000000000020                . = 0x20
 *(.boot)
 .boot          0x0000000003800020       0xb4 /Applications/VEXcode.app/Contents/Resources/sdk/vexv5/libv5rt.a(v5_startup.c.obj)
                0x0000000003800020                vexStartup
                0x0000000003800100                . = ALIGN (0x40)
 *fill*         0x00000000038000d4       0x2c 
 *(.freertos_vectors)
 *(.text)
 *(.text.*)
 .text._Z10autonomousv
                0x0000000003800100        0x4 build/src/main.o
                0x0000000003800100                autonomous()
 .text._Z11usercontrolv
                0x0000000003800104       0x14 build/src/main.o
                0x0000000003800104                usercontrol()
 .text.main     0x0000000003800118       0x3c build/src/main.o
                0x0000000003800118                main
 .text._GLOBAL__sub_I_main.cpp
                0x0000000003800154       0x5c build/src/main.o
 .text.vexMain  0x00000000038001b0       0xb0 /Applications/VEXcode.app/Contents/Resources/sdk/vexv5/libv5rt.a(v5_startup.c.obj)
                0x00000000038001b0                vexMain
 .text.__vex_function_prolog
                0x0000000003800260       0x18 /Applications/VEXcode.app/Contents/Resources/sdk/vexv5/libv5rt.a(v5_startup.c.obj)
                0x0000000003800260                __vex_function_prolog
 .text._init    0x0000000003800278        0x4 /Applications/VEXcode.app/Contents/Resources/sdk/vexv5/libv5rt.a(v5_startup.c.obj)
                0x0000000003800278                _init
 .text._fini    0x000000000380027c        0x4 /Applications/VEXcode.app/Contents/Resources/sdk/vexv5/libv5rt.a(v5_startup.c.obj)
                0x000000000380027c                _fini
 .text.vexStdlibVersionLinked
                0x0000000003800280        0xc /Applications/VEXcode.app/Contents/Resources/sdk/vexv5/libv5rt.a(v5_util.c.obj)
                0x0000000003800280                vexStdlibVersionLinked
 .text.vexStdlibVersionVerify
                0x000000000380028c       0x30 /Applications/VEXcode.app/Contents/Resources/sdk/vexv5/libv5rt.a(v5_util.c.obj)
                0x000000000380028c                vexStdlibVersionVerify
 .text.vexPrivateApiEnable
                0x00000000038002bc       0x10 /Applications/VEXcode.app/Contents/Resources/sdk/vexv5/libv5rt.a(v5_apijump.c.obj)
                0x00000000038002bc                vexPrivateApiEnable
 .text.vexStdlibMismatchError
                0x00000000038002cc       0x3c /Applications/VEXcode.app/Contents/Resources/sdk/vexv5/libv5rt.a(v5_apijump.c.obj)
                0x00000000038002cc                vexStdlibMismatchError
 .text.vexTaskAdd
                0x0000000003800308       0x10 /Applications/VEXcode.app/Contents/Resources/sdk/vexv5/libv5rt.a(v5_apijump.c.obj)
                0x0000000003800308                vexTaskAdd
 .text.vexTaskStop
                0x0000000003800318       0x10 /Applications/VEXcode.app/Contents/Resources/sdk/vexv5/libv5rt.a(v5_apijump.c.obj)
                0x0000000003800318                vexTaskStop
 .text.vexTasksRun
                0x0000000003800328       0x10 /Applications/VEXcode.app/Contents/Resources/sdk/vexv5/libv5rt.a(v5_apijump.c.obj)
                0x0000000003800328                vexTasksRun
 .text.vexTaskYield
                0x0000000003800338       0x10 /Applications/VEXcode.app/Contents/Resources/sdk/vexv5/libv5rt.a(v5_apijump.c.obj)
                0x0000000003800338                vexTaskYield
 .text.vexTaskCheckTimeslice
                0x0000000003800348       0x10 /Applications/VEXcode.app/Contents/Resources/sdk/vexv5/libv5rt.a(v5_apijump.c.obj)
                0x0000000003800348                vexTaskCheckTimeslice
 .text.vexTaskSleep
                0x0000000003800358       0x10 /Applications/VEXcode.app/Contents/Resources/sdk/vexv5/libv5rt.a(v5_apijump.c.obj)
                0x0000000003800358                vexTaskSleep
 .text.vexTasksDump
                0x0000000003800368       0x1c /Applications/VEXcode.app/Contents/Resources/sdk/vexv5/libv5rt.a(v5_apijump.c.obj)
                0x0000000003800368                vexTasksDump
 .text.vexTaskGetTaskIndex
                0x0000000003800384       0x10 /Applications/VEXcode.app/Contents/Resources/sdk/vexv5/libv5rt.a(v5_apijump.c.obj)
                0x0000000003800384                vexTaskGetTaskIndex
 .text.vexTaskStopAll
                0x0000000003800394       0x10 /Applications/VEXcode.app/Contents/Resources/sdk/vexv5/libv5rt.a(v5_apijump.c.obj)
                0x0000000003800394                vexTaskStopAll
 .text.vexTaskRemoveAllUser
                0x00000000038003a4       0x34 /Applications/VEXcode.app/Contents/Resources/sdk/vexv5/libv5rt.a(v5_apijump.c.obj)
                0x00000000038003a4                vexTaskRemoveAllUser
 .text.vexTaskCompletionIdSet
                0x00000000038003d8       0x10 /Applications/VEXcode.app/Contents/Resources/sdk/vexv5/libv5rt.a(v5_apijump.c.obj)
                0x00000000038003d8                vexTaskCompletionIdSet
 .text.vexEventAdd
                0x00000000038003e8       0x34 /Applications/VEXcode.app/Contents/Resources/sdk/vexv5/libv5rt.a(v5_apijump.c.obj)
                0x00000000038003e8                vexEventAdd
 .text.vexEventUserIndexGet
                0x000000000380041c       0x1c /Applications/VEXcode.app/Contents/Resources/sdk/vexv5/libv5rt.a(v5_apijump.c.obj)
                0x000000000380041c                vexEventUserIndexGet
 .text.vexEventAddWithArg
                0x0000000003800438       0x3c /Applications/VEXcode.app/Contents/Resources/sdk/vexv5/libv5rt.a(v5_apijump.c.obj)
                0x0000000003800438                vexEventAddWithArg
 .text.vexEventsCleanup
                0x0000000003800474       0x2c /Applications/VEXcode.app/Contents/Resources/sdk/vexv5/libv5rt.a(v5_apijump.c.obj)
                0x0000000003800474                vexEventsCleanup
 .text.vexDebug
                0x00000000038004a0       0x38 /Applications/VEXcode.app/Contents/Resources/sdk/vexv5/libv5rt.a(v5_apijump.c.obj)
                0x00000000038004a0                vexDebug
 .text.vex_sprintf
                0x00000000038004d8       0x40 /Applications/VEXcode.app/Contents/Resources/sdk/vexv5/libv5rt.a(v5_apijump.c.obj)
                0x00000000038004d8                vex_sprintf
 .text.vexSystemTimeGet
                0x0000000003800518       0x1c /Applications/VEXcode.app/Contents/Resources/sdk/vexv5/libv5rt.a(v5_apijump.c.obj)
                0x0000000003800518                vexSystemTimeGet
 .text.vexSystemExitRequest
                0x0000000003800534       0x1c /Applications/VEXcode.app/Contents/Resources/sdk/vexv5/libv5rt.a(v5_apijump.c.obj)
                0x0000000003800534                vexSystemExitRequest
 .text.vexDeviceGetByIndex
                0x0000000003800550       0x24 /Applications/VEXcode.app/Contents/Resources/sdk/vexv5/libv5rt.a(v5_apijump.c.obj)
                0x0000000003800550                vexDeviceGetByIndex
 .text.vexDeviceAdiPortConfigSet
                0x0000000003800574       0x34 /Applications/VEXcode.app/Contents/Resources/sdk/vexv5/libv5rt.a(v5_apijump.c.obj)
                0x0000000003800574                vexDeviceAdiPortConfigSet
 .text.vexDisplayForegroundColor
                0x00000000038005a8       0x24 /Applications/VEXcode.app/Contents/Resources/sdk/vexv5/libv5rt.a(v5_apijump.c.obj)
                0x00000000038005a8                vexDisplayForegroundColor
 .text.vexDisplayBackgroundColor
                0x00000000038005cc       0x24 /Applications/VEXcode.app/Contents/Resources/sdk/vexv5/libv5rt.a(v5_apijump.c.obj)
                0x00000000038005cc                vexDisplayBackgroundColor
 .text.vexDisplayTextReference
                0x00000000038005f0       0x24 /Applications/VEXcode.app/Contents/Resources/sdk/vexv5/libv5rt.a(v5_apijump.c.obj)
                0x00000000038005f0                vexDisplayTextReference
 .text.vexDisplayTextSize
                0x0000000003800614       0x2c /Applications/VEXcode.app/Contents/Resources/sdk/vexv5/libv5rt.a(v5_apijump.c.obj)
                0x0000000003800614                vexDisplayTextSize
 .text.vexDisplayFontNamedSet
                0x0000000003800640       0x24 /Applications/VEXcode.app/Contents/Resources/sdk/vexv5/libv5rt.a(v5_apijump.c.obj)
                0x0000000003800640                vexDisplayFontNamedSet
 .text.vexSystemStdlibImpureDataAddr
                0x0000000003800664       0x28 /Applications/VEXcode.app/Contents/Resources/sdk/vexv5/libv5rt.a(v5_apijump.c.obj)
                0x0000000003800664                vexSystemStdlibImpureDataAddr
 .text.vexSystemStdlibImpureDataSize
                0x000000000380068c       0x28 /Applications/VEXcode.app/Contents/Resources/sdk/vexv5/libv5rt.a(v5_apijump.c.obj)
                0x000000000380068c                vexSystemStdlibImpureDataSize
 .text.vexDisplayThemeIdGet
                0x00000000038006b4       0x38 /Applications/VEXcode.app/Contents/Resources/sdk/vexv5/libv5rt.a(v5_apijump.c.obj)
                0x00000000038006b4                vexDisplayThemeIdGet
 .text.vexDeviceEventMaskSet
                0x00000000038006ec       0x48 /Applications/VEXcode.app/Contents/Resources/sdk/vexv5/libv5rt.a(v5_apijump.c.obj)
                0x00000000038006ec                vexDeviceEventMaskSet
 .text.vexDeviceEventMaskGet
                0x0000000003800734       0x3c /Applications/VEXcode.app/Contents/Resources/sdk/vexv5/libv5rt.a(v5_apijump.c.obj)
                0x0000000003800734                vexDeviceEventMaskGet
 .text.vexSystemVersion
                0x0000000003800770       0x10 /Applications/VEXcode.app/Contents/Resources/sdk/vexv5/libv5rt.a(v5_apiversions.c.obj)
                0x0000000003800770                vexSystemVersion
 .text.vexStdlibVersion
                0x0000000003800780       0x10 /Applications/VEXcode.app/Contents/Resources/sdk/vexv5/libv5rt.a(v5_apiversions.c.obj)
                0x0000000003800780                vexStdlibVersion
 .text._ZN3vex4taskC2EPFivE
                0x0000000003800790       0x54 /Applications/VEXcode.app/Contents/Resources/sdk/vexv5/libv5rt.a(vex_task.cpp.obj)
                0x0000000003800790                vex::task::task(int (*)())
                0x0000000003800790                vex::task::task(int (*)())
 .text._ZN3vex4taskD2Ev
                0x00000000038007e4        0x4 /Applications/VEXcode.app/Contents/Resources/sdk/vexv5/libv5rt.a(vex_task.cpp.obj)
                0x00000000038007e4                vex::task::~task()
                0x00000000038007e4                vex::task::~task()
 .text._ZN3vex4task4stopEPFivE
                0x00000000038007e8        0xc /Applications/VEXcode.app/Contents/Resources/sdk/vexv5/libv5rt.a(vex_task.cpp.obj)
                0x00000000038007e8                vex::task::stop(int (*)())
 .text._ZN3vex4task5sleepEm
                0x00000000038007f4        0x4 /Applications/VEXcode.app/Contents/Resources/sdk/vexv5/libv5rt.a(vex_task.cpp.obj)
                0x00000000038007f4                vex::task::sleep(unsigned long)
 .text._ZN3vex4task6_indexEPFivE
                0x00000000038007f8       0x14 /Applications/VEXcode.app/Contents/Resources/sdk/vexv5/libv5rt.a(vex_task.cpp.obj)
                0x00000000038007f8                vex::task::_index(int (*)())
 .text._ZN3vex4task8_stopAllEv
                0x000000000380080c       0x3c /Applications/VEXcode.app/Contents/Resources/sdk/vexv5/libv5rt.a(vex_task.cpp.obj)
                0x000000000380080c                vex::task::_stopAll()
 .text._ZN3vex5brainD2Ev
                0x0000000003800848       0x20 /Applications/VEXcode.app/Contents/Resources/sdk/vexv5/libv5rt.a(vex_brain.cpp.obj)
                0x0000000003800848                vex::brain::~brain()
                0x0000000003800848                vex::brain::~brain()
 .text._ZN3vex5brain9_getIndexEv
                0x0000000003800868       0x10 /Applications/VEXcode.app/Contents/Resources/sdk/vexv5/libv5rt.a(vex_brain.cpp.obj)
                0x0000000003800868                vex::brain::_getIndex()
 .text._ZN3vex5brain3lcd9setCursorEll
                0x0000000003800878       0x44 /Applications/VEXcode.app/Contents/Resources/sdk/vexv5/libv5rt.a(vex_brain.cpp.obj)
                0x0000000003800878                vex::brain::lcd::setCursor(long, long)
 .text._ZN3vex5brain3lcd7setFontENS_8fontTypeE
                0x00000000038008bc      0x228 /Applications/VEXcode.app/Contents/Resources/sdk/vexv5/libv5rt.a(vex_brain.cpp.obj)
                0x00000000038008bc                vex::brain::lcd::setFont(vex::fontType)
 .text._ZN3vex5brain3lcdC2Ev
                0x0000000003800ae4       0x94 /Applications/VEXcode.app/Contents/Resources/sdk/vexv5/libv5rt.a(vex_brain.cpp.obj)
                0x0000000003800ae4                vex::brain::lcd::lcd()
                0x0000000003800ae4                vex::brain::lcd::lcd()
 .text._ZN3vex5brainC2Ev
                0x0000000003800b78       0x40 /Applications/VEXcode.app/Contents/Resources/sdk/vexv5/libv5rt.a(vex_brain.cpp.obj)
                0x0000000003800b78                vex::brain::brain()
                0x0000000003800b78                vex::brain::brain()
 .text._ZN3vex11competition8_disableEPv
                0x0000000003800bb8       0x9c /Applications/VEXcode.app/Contents/Resources/sdk/vexv5/libv5rt.a(vex_competition.cpp.obj)
                0x0000000003800bb8                vex::competition::_disable(void*)
 .text._ZN3vex11competition11_autonomousEv
                0x0000000003800c54       0x7c /Applications/VEXcode.app/Contents/Resources/sdk/vexv5/libv5rt.a(vex_competition.cpp.obj)
                0x0000000003800c54                vex::competition::_autonomous()
 .text._ZN3vex11competition14_drivercontrolEv
                0x0000000003800cd0       0x7c /Applications/VEXcode.app/Contents/Resources/sdk/vexv5/libv5rt.a(vex_competition.cpp.obj)
                0x0000000003800cd0                vex::competition::_drivercontrol()
 .text._ZN3vex11competitionC2Ev
                0x0000000003800d4c      0x13c /Applications/VEXcode.app/Contents/Resources/sdk/vexv5/libv5rt.a(vex_competition.cpp.obj)
                0x0000000003800d4c                vex::competition::competition()
                0x0000000003800d4c                vex::competition::competition()
 .text._ZN3vex11competitionD2Ev
                0x0000000003800e88        0x4 /Applications/VEXcode.app/Contents/Resources/sdk/vexv5/libv5rt.a(vex_competition.cpp.obj)
                0x0000000003800e88                vex::competition::~competition()
                0x0000000003800e88                vex::competition::~competition()
 .text._ZN3vex11competition10autonomousEPFvvE
                0x0000000003800e8c       0x44 /Applications/VEXcode.app/Contents/Resources/sdk/vexv5/libv5rt.a(vex_competition.cpp.obj)
                0x0000000003800e8c                vex::competition::autonomous(void (*)())
 .text._ZN3vex11competition13drivercontrolEPFvvE
                0x0000000003800ed0       0x44 /Applications/VEXcode.app/Contents/Resources/sdk/vexv5/libv5rt.a(vex_competition.cpp.obj)
                0x0000000003800ed0                vex::competition::drivercontrol(void (*)())
 .text._ZN3vex7triport9installedEv
                0x0000000003800f14       0x18 /Applications/VEXcode.app/Contents/Resources/sdk/vexv5/libv5rt.a(vex_triport.cpp.obj)
                0x0000000003800f14                vex::triport::installed()
 .text._ZN3vex7triportD2Ev
                0x0000000003800f2c       0x38 /Applications/VEXcode.app/Contents/Resources/sdk/vexv5/libv5rt.a(vex_triport.cpp.obj)
                0x0000000003800f2c                vex::triport::~triport()
                0x0000000003800f2c                vex::triport::~triport()
 .text._ZN3vex7triport4portC2ElPS0_
                0x0000000003800f64       0x90 /Applications/VEXcode.app/Contents/Resources/sdk/vexv5/libv5rt.a(vex_triport.cpp.obj)
                0x0000000003800f64                vex::triport::port::port(long, vex::triport*)
                0x0000000003800f64                vex::triport::port::port(long, vex::triport*)
 .text._ZN3vex7triportC2El
                0x0000000003800ff4       0xf0 /Applications/VEXcode.app/Contents/Resources/sdk/vexv5/libv5rt.a(vex_triport.cpp.obj)
                0x0000000003800ff4                vex::triport::triport(long)
                0x0000000003800ff4                vex::triport::triport(long)
 .text.startup._GLOBAL__sub_I__ZN3vex7triportC2El
                0x00000000038010e4       0x30 /Applications/VEXcode.app/Contents/Resources/sdk/vexv5/libv5rt.a(vex_triport.cpp.obj)
 .text._ZN3vex5colorD2Ev
                0x0000000003801114        0x4 /Applications/VEXcode.app/Contents/Resources/sdk/vexv5/libv5rt.a(vex_color.cpp.obj)
                0x0000000003801114                vex::color::~color()
                0x0000000003801114                vex::color::~color()
 .text.startup._GLOBAL__sub_I__ZN3vex5color5blackE
                0x0000000003801118      0x164 /Applications/VEXcode.app/Contents/Resources/sdk/vexv5/libv5rt.a(vex_color.cpp.obj)
 .text._ZN3vex5timerD2Ev
                0x000000000380127c        0x4 /Applications/VEXcode.app/Contents/Resources/sdk/vexv5/libv5rt.a(vex_timer.cpp.obj)
                0x000000000380127c                vex::timer::~timer()
                0x000000000380127c                vex::timer::~timer()
 .text._ZN3vex5timer5clearEv
                0x0000000003801280       0x1c /Applications/VEXcode.app/Contents/Resources/sdk/vexv5/libv5rt.a(vex_timer.cpp.obj)
                0x0000000003801280                vex::timer::clear()
 .text._ZN3vex5timerC2Ev
                0x000000000380129c       0x14 /Applications/VEXcode.app/Contents/Resources/sdk/vexv5/libv5rt.a(vex_timer.cpp.obj)
                0x000000000380129c                vex::timer::timer()
                0x000000000380129c                vex::timer::timer()
 .text.vexAdiPortConfigSet
                0x00000000038012b0       0x28 /Applications/VEXcode.app/Contents/Resources/sdk/vexv5/libv5rt.a(v5_apiuser.c.obj)
                0x00000000038012b0                vexAdiPortConfigSet
 .text.vexEventMaskSet
                0x00000000038012d8       0x28 /Applications/VEXcode.app/Contents/Resources/sdk/vexv5/libv5rt.a(v5_apiuser.c.obj)
                0x00000000038012d8                vexEventMaskSet
 .text.vexEventMaskGet
                0x0000000003801300       0x18 /Applications/VEXcode.app/Contents/Resources/sdk/vexv5/libv5rt.a(v5_apiuser.c.obj)
                0x0000000003801300                vexEventMaskGet
 .text._ZN3vex6device5valueEv
                0x0000000003801318        0x8 /Applications/VEXcode.app/Contents/Resources/sdk/vexv5/libv5rt.a(vex_device.cpp.obj)
                0x0000000003801318                vex::device::value()
 .text._ZN3vex6deviceD2Ev
                0x0000000003801320        0x4 /Applications/VEXcode.app/Contents/Resources/sdk/vexv5/libv5rt.a(vex_device.cpp.obj)
                0x0000000003801320                vex::device::~device()
                0x0000000003801320                vex::device::~device()
 .text._ZN3vex6device4initEl
                0x0000000003801324       0x30 /Applications/VEXcode.app/Contents/Resources/sdk/vexv5/libv5rt.a(vex_device.cpp.obj)
                0x0000000003801324                vex::device::init(long)
 .text._ZN3vex6deviceC2El
                0x0000000003801354       0x20 /Applications/VEXcode.app/Contents/Resources/sdk/vexv5/libv5rt.a(vex_device.cpp.obj)
                0x0000000003801354                vex::device::device(long)
                0x0000000003801354                vex::device::device(long)
 .text._ZN3vex6device4typeEv
                0x0000000003801374       0x10 /Applications/VEXcode.app/Contents/Resources/sdk/vexv5/libv5rt.a(vex_device.cpp.obj)
                0x0000000003801374                vex::device::type()
 .text._ZN3vex6device9installedEv
                0x0000000003801384       0x14 /Applications/VEXcode.app/Contents/Resources/sdk/vexv5/libv5rt.a(vex_device.cpp.obj)
                0x0000000003801384                vex::device::installed()
 .text._ZN3vex5event4initEmmPFvvE
                0x0000000003801398        0x4 /Applications/VEXcode.app/Contents/Resources/sdk/vexv5/libv5rt.a(vex_event.cpp.obj)
                0x0000000003801398                vex::event::init(unsigned long, unsigned long, void (*)())
 .text._ZN3vex5event4initEmmPFvPvES1_
                0x000000000380139c        0x4 /Applications/VEXcode.app/Contents/Resources/sdk/vexv5/libv5rt.a(vex_event.cpp.obj)
                0x000000000380139c                vex::event::init(unsigned long, unsigned long, void (*)(void*), void*)
 .text._ZN3vex5event9userindexEv
                0x00000000038013a0        0x4 /Applications/VEXcode.app/Contents/Resources/sdk/vexv5/libv5rt.a(vex_event.cpp.obj)
                0x00000000038013a0                vex::event::userindex()
 .text._ZZN3vex6meventC4EmmENUlvE_4_FUNEv
                0x00000000038013a4        0x4 /Applications/VEXcode.app/Contents/Resources/sdk/vexv5/libv5rt.a(vex_mevent.cpp.obj)
 .text._ZN3vex6meventC2Emm
                0x00000000038013a8       0x70 /Applications/VEXcode.app/Contents/Resources/sdk/vexv5/libv5rt.a(vex_mevent.cpp.obj)
                0x00000000038013a8                vex::mevent::mevent(unsigned long, unsigned long)
                0x00000000038013a8                vex::mevent::mevent(unsigned long, unsigned long)
 .text.__libc_fini_array
                0x0000000003801418       0x30 /Applications/VEXcode.app/Contents/Resources/sdk/vexv5/gcc/libs/libc.a(lib_a-fini.o)
                0x0000000003801418                __libc_fini_array
 .text.__libc_init_array
                0x0000000003801448       0x58 /Applications/VEXcode.app/Contents/Resources/sdk/vexv5/gcc/libs/libc.a(lib_a-init.o)
                0x0000000003801448                __libc_init_array
 .text.__libc_init_array.__stub
                0x00000000038014a0       0x18 linker stubs
 *(.gnu.linkonce.t.*)
 *(.plt)
 *(.gnu_warning)
 *(.gcc_except_table)
 *(.glue_7)
 .glue_7        0x00000000038014b8        0x0 linker stubs
 *(.glue_7t)
 .glue_7t       0x00000000038014b8        0x0 linker stubs
 *(.vfp11_veneer)
 .vfp11_veneer  0x00000000038014b8        0x0 linker stubs
 *(.ARM.extab)
 *(.gnu.linkonce.armextab.*)

.v4_bx          0x00000000038014b8        0x0
 .v4_bx         0x00000000038014b8        0x0 linker stubs

.iplt           0x00000000038014b8        0x0
 .iplt          0x00000000038014b8        0x0 build/src/main.o

.init
 *(.init)

.fini
 *(.fini)

.rodata         0x00000000038014b8       0x84
                0x00000000038014b8                __rodata_start = .
 *(.rodata)
 *(.rodata.*)
 .rodata.str1.1
                0x00000000038014b8       0x2e /Applications/VEXcode.app/Contents/Resources/sdk/vexv5/libv5rt.a(v5_startup.c.obj)
 .rodata.str1.1
                0x00000000038014e6        0xa /Applications/VEXcode.app/Contents/Resources/sdk/vexv5/libv5rt.a(vex_task.cpp.obj)
 .rodata.str1.1
                0x00000000038014f0       0x1a /Applications/VEXcode.app/Contents/Resources/sdk/vexv5/libv5rt.a(vex_brain.cpp.obj)
 *fill*         0x000000000380150a        0x6 
 .rodata._ZTVN3vex7triportE
                0x0000000003801510       0x10 /Applications/VEXcode.app/Contents/Resources/sdk/vexv5/libv5rt.a(vex_triport.cpp.obj)
                0x0000000003801510                vtable for vex::triport
 .rodata._ZN3vex6PORT22E
                0x0000000003801520        0x4 /Applications/VEXcode.app/Contents/Resources/sdk/vexv5/libv5rt.a(vex_global.cpp.obj)
                0x0000000003801520                vex::PORT22
 *fill*         0x0000000003801524        0x4 
 .rodata._ZTVN3vex6deviceE
                0x0000000003801528       0x10 /Applications/VEXcode.app/Contents/Resources/sdk/vexv5/libv5rt.a(vex_device.cpp.obj)
                0x0000000003801528                vtable for vex::device
 .rodata.str1.4
                0x0000000003801538        0x4 /Applications/VEXcode.app/Contents/Resources/sdk/vexv5/gcc/libs/libc.a(lib_a-impure.o)
                                          0x2 (size before relaxing)
 *(.gnu.linkonce.r.*)
                0x000000000380153c                __rodata_end = .

.rodata1        0x000000000380153c        0x0
                0x000000000380153c                __rodata1_start = .
 *(.rodata1)
 *(.rodata1.*)
                0x000000000380153c                __rodata1_end = .

.sdata2         0x000000000380153c        0x0
                0x000000000380153c                __sdata2_start = .
 *(.sdata2)
 *(.sdata2.*)
 *(.gnu.linkonce.s2.*)
                0x000000000380153c                __sdata2_end = .

.sbss2          0x000000000380153c        0x0
                0x000000000380153c                __sbss2_start = .
 *(.sbss2)
 *(.sbss2.*)
 *(.gnu.linkonce.sb2.*)
                0x000000000380153c                __sbss2_end = .

.data           0x0000000003801540      0x434
                0x0000000003801540                __data_start = .
 *(.data)
 *(.data.*)
 .data.appRunning
                0x0000000003801540        0x4 /Applications/VEXcode.app/Contents/Resources/sdk/vexv5/libv5rt.a(v5_startup.c.obj)
                0x0000000003801540                appRunning
 *fill*         0x0000000003801544        0x4 
 .data.impure_data
                0x0000000003801548      0x428 /Applications/VEXcode.app/Contents/Resources/sdk/vexv5/gcc/libs/libc.a(lib_a-impure.o)
 .data._impure_ptr
                0x0000000003801970        0x4 /Applications/VEXcode.app/Contents/Resources/sdk/vexv5/gcc/libs/libc.a(lib_a-impure.o)
                0x0000000003801970                _impure_ptr
 *(.gnu.linkonce.d.*)
 *(.jcr)
 *(.got)
 *(.got.plt)
                0x0000000003801974                __data_end = .

.igot.plt       0x0000000003801974        0x0
 .igot.plt      0x0000000003801974        0x0 build/src/main.o

.data1          0x0000000003801974        0x0
                0x0000000003801974                __data1_start = .
 *(.data1)
 *(.data1.*)
                0x0000000003801974                __data1_end = .

.got
 *(.got)

.ctors          0x0000000003801974        0x0
                0x0000000003801974                __CTOR_LIST__ = .
                0x0000000003801974                ___CTORS_LIST___ = .
 *crtbegin.o(.ctors)
 *(EXCLUDE_FILE(*crtend.o) .ctors)
 *(SORT_BY_NAME(.ctors.*))
 *(.ctors)
                0x0000000003801974                __CTOR_END__ = .
                0x0000000003801974                ___CTORS_END___ = .

.dtors          0x0000000003801974        0x0
                0x0000000003801974                __DTOR_LIST__ = .
                0x0000000003801974                ___DTORS_LIST___ = .
 *crtbegin.o(.dtors)
 *(EXCLUDE_FILE(*crtend.o) .dtors)
 *(SORT_BY_NAME(.dtors.*))
 *(.dtors)
                0x0000000003801974                __DTOR_END__ = .
                0x0000000003801974                ___DTORS_END___ = .

.fixup          0x0000000003801974        0x0
                0x0000000003801974                __fixup_start = .
 *(.fixup)
                0x0000000003801974                __fixup_end = .

.eh_frame
 *(.eh_frame)

.eh_framehdr    0x0000000003801974        0x0
                0x0000000003801974                __eh_framehdr_start = .
 *(.eh_framehdr)
                0x0000000003801974                __eh_framehdr_end = .

.gcc_except_table
 *(.gcc_except_table)

.mmu_tbl        0x0000000003804000        0x0
                0x0000000003804000                __mmu_tbl_start = .
 *(.mmu_tbl)
                0x0000000003804000                __mmu_tbl_end = .

.ARM.exidx      0x0000000003801974        0x8
                0x0000000003801974                __exidx_start = .
 *(.ARM.exidx*)
 .ARM.exidx.text._Z10autonomousv
                0x0000000003801974        0x8 build/src/main.o
 .ARM.exidx.text._Z11usercontrolv
                0x000000000380197c        0x0 build/src/main.o
                                          0x8 (size before relaxing)
 .ARM.exidx.text.main
                0x000000000380197c        0x0 build/src/main.o
                                          0x8 (size before relaxing)
 .ARM.exidx.text._GLOBAL__sub_I_main.cpp
                0x000000000380197c        0x0 build/src/main.o
                                          0x8 (size before relaxing)
 *(.gnu.linkonce.armexidix.*.*)
                0x000000000380197c                __exidx_end = .

.rel.dyn        0x000000000380197c        0x0
 .rel.iplt      0x000000000380197c        0x0 build/src/main.o

.preinit_array  0x000000000380197c        0x0
                0x000000000380197c                __preinit_array_start = .
 *(SORT_BY_NAME(.preinit_array.*))
 *(.preinit_array)
                0x000000000380197c                __preinit_array_end = .

.init_array     0x000000000380197c        0xc
                0x000000000380197c                __init_array_start = .
 *(SORT_BY_NAME(.init_array.*))
 *(.init_array)
 .init_array    0x000000000380197c        0x4 build/src/main.o
 .init_array    0x0000000003801980        0x4 /Applications/VEXcode.app/Contents/Resources/sdk/vexv5/libv5rt.a(vex_triport.cpp.obj)
 .init_array    0x0000000003801984        0x4 /Applications/VEXcode.app/Contents/Resources/sdk/vexv5/libv5rt.a(vex_color.cpp.obj)
                0x0000000003801988                __init_array_end = .

.fini_array     0x0000000003801988        0x0
                0x0000000003801988                __fini_array_start = .
 *(SORT_BY_NAME(.fini_array.*))
 *(.fini_array)
                0x0000000003801988                __fini_array_end = .

.ARM.attributes
                0x0000000003801988       0x3c
                0x0000000003801988                __ARM.attributes_start = .
 *(.ARM.attributes)
 .ARM.attributes
                0x0000000003801988       0x3a build/src/main.o
 .ARM.attributes
                0x00000000038019c2       0x35 /Applications/VEXcode.app/Contents/Resources/sdk/vexv5/libv5rt.a(v5_startup.c.obj)
 .ARM.attributes
                0x00000000038019f7       0x35 /Applications/VEXcode.app/Contents/Resources/sdk/vexv5/libv5rt.a(v5_util.c.obj)
 .ARM.attributes
                0x0000000003801a2c       0x35 /Applications/VEXcode.app/Contents/Resources/sdk/vexv5/libv5rt.a(v5_apijump.c.obj)
 .ARM.attributes
                0x0000000003801a61       0x35 /Applications/VEXcode.app/Contents/Resources/sdk/vexv5/libv5rt.a(v5_apiversions.c.obj)
 .ARM.attributes
                0x0000000003801a96       0x35 /Applications/VEXcode.app/Contents/Resources/sdk/vexv5/libv5rt.a(vex_task.cpp.obj)
 .ARM.attributes
                0x0000000003801acb       0x35 /Applications/VEXcode.app/Contents/Resources/sdk/vexv5/libv5rt.a(vex_brain.cpp.obj)
 .ARM.attributes
                0x0000000003801b00       0x35 /Applications/VEXcode.app/Contents/Resources/sdk/vexv5/libv5rt.a(vex_competition.cpp.obj)
 .ARM.attributes
                0x0000000003801b35       0x35 /Applications/VEXcode.app/Contents/Resources/sdk/vexv5/libv5rt.a(vex_triport.cpp.obj)
 .ARM.attributes
                0x0000000003801b6a       0x35 /Applications/VEXcode.app/Contents/Resources/sdk/vexv5/libv5rt.a(vex_color.cpp.obj)
 .ARM.attributes
                0x0000000003801b9f       0x35 /Applications/VEXcode.app/Contents/Resources/sdk/vexv5/libv5rt.a(vex_timer.cpp.obj)
 .ARM.attributes
                0x0000000003801bd4       0x35 /Applications/VEXcode.app/Contents/Resources/sdk/vexv5/libv5rt.a(v5_apiuser.c.obj)
 .ARM.attributes
                0x0000000003801c09       0x35 /Applications/VEXcode.app/Contents/Resources/sdk/vexv5/libv5rt.a(vex_global.cpp.obj)
 .ARM.attributes
                0x0000000003801c3e       0x35 /Applications/VEXcode.app/Contents/Resources/sdk/vexv5/libv5rt.a(vex_device.cpp.obj)
 .ARM.attributes
                0x0000000003801c73       0x35 /Applications/VEXcode.app/Contents/Resources/sdk/vexv5/libv5rt.a(vex_event.cpp.obj)
 .ARM.attributes
                0x0000000003801ca8       0x35 /Applications/VEXcode.app/Contents/Resources/sdk/vexv5/libv5rt.a(vex_mevent.cpp.obj)
 .ARM.attributes
                0x0000000003801cdd       0x2b /Applications/VEXcode.app/Contents/Resources/sdk/vexv5/gcc/libs/libc.a(lib_a-fini.o)
 .ARM.attributes
                0x0000000003801d08       0x2b /Applications/VEXcode.app/Contents/Resources/sdk/vexv5/gcc/libs/libc.a(lib_a-impure.o)
 .ARM.attributes
                0x0000000003801d33       0x2b /Applications/VEXcode.app/Contents/Resources/sdk/vexv5/gcc/libs/libc.a(lib_a-init.o)
                0x0000000003801d5e                __ARM.attributes_end = .

.sdata          0x0000000003801988        0x0
                0x0000000003801988                __sdata_start = .
 *(.sdata)
 *(.sdata.*)
 *(.gnu.linkonce.s.*)
                0x0000000003801988                __sdata_end = .

.sbss           0x0000000003801988        0x0
                0x0000000003801988                __sbss_start = .
 *(.sbss)
 *(.sbss.*)
 *(.gnu.linkonce.sb.*)
                0x0000000003801988                __sbss_end = .

.tdata          0x0000000003801988        0x0
                0x0000000003801988                __tdata_start = .
 *(.tdata)
 *(.tdata.*)
 *(.gnu.linkonce.td.*)
                0x0000000003801988                __tdata_end = .

.tbss           0x0000000003801988        0x0
                0x0000000003801988                __tbss_start = .
 *(.tbss)
 *(.tbss.*)
 *(.gnu.linkonce.tb.*)
                0x0000000003801988                __tbss_end = .

.bss            0x0000000003801988      0x371
                0x0000000003801988                __bss_start = .
 *(.bss)
 *(.bss.*)
 .bss.Brain     0x0000000003801988      0x2e0 build/src/main.o
                0x0000000003801988                Brain
 .bss.Competition
                0x0000000003801c68       0x28 build/src/main.o
                0x0000000003801c68                Competition
 .bss.__dso_handle
                0x0000000003801c90        0x4 /Applications/VEXcode.app/Contents/Resources/sdk/vexv5/libv5rt.a(v5_startup.c.obj)
                0x0000000003801c90                __dso_handle
 .bss._ZN3vex4task8_labelIdE
                0x0000000003801c94        0x4 /Applications/VEXcode.app/Contents/Resources/sdk/vexv5/libv5rt.a(vex_task.cpp.obj)
                0x0000000003801c94                vex::task::_labelId
 .bss._ZN3vex11competition22bStopTasksBetweenModesE
                0x0000000003801c98        0x1 /Applications/VEXcode.app/Contents/Resources/sdk/vexv5/libv5rt.a(vex_competition.cpp.obj)
                0x0000000003801c98                vex::competition::bStopTasksBetweenModes
 .bss._ZN3vex11competition25bStopAllTasksBetweenModesE
                0x0000000003801c99        0x1 /Applications/VEXcode.app/Contents/Resources/sdk/vexv5/libv5rt.a(vex_competition.cpp.obj)
                0x0000000003801c99                vex::competition::bStopAllTasksBetweenModes
 .bss._ZN3vex11competition14_auton_pendingE
                0x0000000003801c9a        0x1 /Applications/VEXcode.app/Contents/Resources/sdk/vexv5/libv5rt.a(vex_competition.cpp.obj)
                0x0000000003801c9a                vex::competition::_auton_pending
 *fill*         0x0000000003801c9b        0x1 
 .bss._ZN3vex11competition20_autonomous_callbackE
                0x0000000003801c9c        0x4 /Applications/VEXcode.app/Contents/Resources/sdk/vexv5/libv5rt.a(vex_competition.cpp.obj)
                0x0000000003801c9c                vex::competition::_autonomous_callback
 .bss._ZN3vex11competition23_drivercontrol_callbackE
                0x0000000003801ca0        0x4 /Applications/VEXcode.app/Contents/Resources/sdk/vexv5/libv5rt.a(vex_competition.cpp.obj)
                0x0000000003801ca0                vex::competition::_drivercontrol_callback
 .bss._ZN3vex11competition15_driver_pendingE
                0x0000000003801ca4        0x1 /Applications/VEXcode.app/Contents/Resources/sdk/vexv5/libv5rt.a(vex_competition.cpp.obj)
                0x0000000003801ca4                vex::competition::_driver_pending
 .bss._ZStL8__ioinit
                0x0000000003801ca5        0x1 /Applications/VEXcode.app/Contents/Resources/sdk/vexv5/libv5rt.a(vex_triport.cpp.obj)
 *fill*         0x0000000003801ca6        0x2 
 .bss._ZN3vex5color6orangeE
                0x0000000003801ca8        0x8 /Applications/VEXcode.app/Contents/Resources/sdk/vexv5/libv5rt.a(vex_color.cpp.obj)
                0x0000000003801ca8                vex::color::orange
 .bss._ZN3vex5color5blackE
                0x0000000003801cb0        0x8 /Applications/VEXcode.app/Contents/Resources/sdk/vexv5/libv5rt.a(vex_color.cpp.obj)
                0x0000000003801cb0                vex::color::black
 .bss._ZN3vex5color6yellowE
                0x0000000003801cb8        0x8 /Applications/VEXcode.app/Contents/Resources/sdk/vexv5/libv5rt.a(vex_color.cpp.obj)
                0x0000000003801cb8                vex::color::yellow
 .bss._ZN3vex5color5greenE
                0x0000000003801cc0        0x8 /Applications/VEXcode.app/Contents/Resources/sdk/vexv5/libv5rt.a(vex_color.cpp.obj)
                0x0000000003801cc0                vex::color::green
 .bss._ZN3vex5color6purpleE
                0x0000000003801cc8        0x8 /Applications/VEXcode.app/Contents/Resources/sdk/vexv5/libv5rt.a(vex_color.cpp.obj)
                0x0000000003801cc8                vex::color::purple
 .bss._ZN3vex5color4cyanE
                0x0000000003801cd0        0x8 /Applications/VEXcode.app/Contents/Resources/sdk/vexv5/libv5rt.a(vex_color.cpp.obj)
                0x0000000003801cd0                vex::color::cyan
 .bss._ZN3vex5color4blueE
                0x0000000003801cd8        0x8 /Applications/VEXcode.app/Contents/Resources/sdk/vexv5/libv5rt.a(vex_color.cpp.obj)
                0x0000000003801cd8                vex::color::blue
 .bss._ZN3vex5color3redE
                0x0000000003801ce0        0x8 /Applications/VEXcode.app/Contents/Resources/sdk/vexv5/libv5rt.a(vex_color.cpp.obj)
                0x0000000003801ce0                vex::color::red
 .bss._ZN3vex5color11transparentE
                0x0000000003801ce8        0x8 /Applications/VEXcode.app/Contents/Resources/sdk/vexv5/libv5rt.a(vex_color.cpp.obj)
                0x0000000003801ce8                vex::color::transparent
 .bss._ZN3vex5color5whiteE
                0x0000000003801cf0        0x8 /Applications/VEXcode.app/Contents/Resources/sdk/vexv5/libv5rt.a(vex_color.cpp.obj)
                0x0000000003801cf0                vex::color::white
 *(.gnu.linkonce.b.*)
 *(COMMON)
 COMMON         0x0000000003801cf8        0x1 /Applications/VEXcode.app/Contents/Resources/sdk/vexv5/libv5rt.a(v5_startup.c.obj)
                0x0000000003801cf8                __vex_critical_section
                0x0000000003801cf9                __bss_end = .
                0x0000000003801988                _SDA_BASE_ = (__sdata_start + ((__sbss_end - __sdata_start) / 0x2))
                0x000000000380153c                _SDA2_BASE_ = (__sdata2_start + ((__sbss2_end - __sdata2_start) / 0x2))

.heap           0x0000000003801cf9   0x100007
                0x0000000003801d00                . = ALIGN (0x10)
 *fill*         0x0000000003801cf9        0x7 
                0x0000000003801d00                _heap = .
                0x0000000003801d00                HeapBase = .
                0x0000000003801d00                _heap_start = .
                0x0000000003901d00                . = (. + _HEAP_SIZE)
 *fill*         0x0000000003801d00   0x100000 
                0x0000000003901d00                _heap_end = .
                0x0000000003901d00                HeapLimit = .

.stack          0x0000000003901d00     0x3800
                0x0000000003901d00                . = ALIGN (0x10)
                0x0000000003901d00                _stack_end = .
                0x0000000003903d00                . = (. + _STACK_SIZE)
 *fill*         0x0000000003901d00     0x2000 
                0x0000000003903d00                . = ALIGN (0x10)
                0x0000000003903d00                _stack = .
                0x0000000003903d00                __stack = _stack
                0x0000000003903d00                . = ALIGN (0x10)
                0x0000000003903d00                _irq_stack_end = .
                0x0000000003904100                . = (. + _IRQ_STACK_SIZE)
 *fill*         0x0000000003903d00      0x400 
                0x0000000003904100                . = ALIGN (0x10)
                0x0000000003904100                __irq_stack = .
                0x0000000003904100                _supervisor_stack_end = .
                0x0000000003904900                . = (. + _SUPERVISOR_STACK_SIZE)
 *fill*         0x0000000003904100      0x800 
                0x0000000003904900                . = ALIGN (0x10)
                0x0000000003904900                __supervisor_stack = .
                0x0000000003904900                _abort_stack_end = .
                0x0000000003904d00                . = (. + _ABORT_STACK_SIZE)
 *fill*         0x0000000003904900      0x400 
                0x0000000003904d00                . = ALIGN (0x10)
                0x0000000003904d00                __abort_stack = .
                0x0000000003904d00                _fiq_stack_end = .
                0x0000000003905100                . = (. + _FIQ_STACK_SIZE)
 *fill*         0x0000000003904d00      0x400 
                0x0000000003905100                . = ALIGN (0x10)
                0x0000000003905100                __fiq_stack = .
                0x0000000003905100                _undef_stack_end = .
                0x0000000003905500                . = (. + _UNDEF_STACK_SIZE)
 *fill*         0x0000000003905100      0x400 
                0x0000000003905500                . = ALIGN (0x10)
                0x0000000003905500                __undef_stack = .
                0x0000000003905500                _end = .
LOAD /Applications/VEXcode.app/Contents/Resources/sdk/vexv5/stdlib_0.lib
LOAD build/src/main.o
START GROUP
LOAD /Applications/VEXcode.app/Contents/Resources/sdk/vexv5/libv5rt.a
LOAD /Applications/VEXcode.app/Contents/Resources/sdk/vexv5/gcc/libs/libstdc++.a
LOAD /Applications/VEXcode.app/Contents/Resources/sdk/vexv5/gcc/libs/libc.a
LOAD /Applications/VEXcode.app/Contents/Resources/sdk/vexv5/gcc/libs/libm.a
LOAD /Applications/VEXcode.app/Contents/Resources/sdk/vexv5/gcc/libs/libgcc.a
END GROUP
OUTPUT(build/Inu.elf elf32-littlearm)

.comment        0x0000000000000000       0x9d
 .comment       0x0000000000000000       0x2d build/src/main.o
                                         0x2e (size before relaxing)
 .comment       0x000000000000002d       0x70 /Applications/VEXcode.app/Contents/Resources/sdk/vexv5/libv5rt.a(v5_startup.c.obj)
                                         0x71 (size before relaxing)
 .comment       0x000000000000009d       0x71 /Applications/VEXcode.app/Contents/Resources/sdk/vexv5/libv5rt.a(v5_util.c.obj)
 .comment       0x000000000000009d       0x71 /Applications/VEXcode.app/Contents/Resources/sdk/vexv5/libv5rt.a(v5_apijump.c.obj)
 .comment       0x000000000000009d       0x71 /Applications/VEXcode.app/Contents/Resources/sdk/vexv5/libv5rt.a(v5_apiversions.c.obj)
 .comment       0x000000000000009d       0x71 /Applications/VEXcode.app/Contents/Resources/sdk/vexv5/libv5rt.a(vex_task.cpp.obj)
 .comment       0x000000000000009d       0x71 /Applications/VEXcode.app/Contents/Resources/sdk/vexv5/libv5rt.a(vex_brain.cpp.obj)
 .comment       0x000000000000009d       0x71 /Applications/VEXcode.app/Contents/Resources/sdk/vexv5/libv5rt.a(vex_competition.cpp.obj)
 .comment       0x000000000000009d       0x71 /Applications/VEXcode.app/Contents/Resources/sdk/vexv5/libv5rt.a(vex_triport.cpp.obj)
 .comment       0x000000000000009d       0x71 /Applications/VEXcode.app/Contents/Resources/sdk/vexv5/libv5rt.a(vex_color.cpp.obj)
 .comment       0x000000000000009d       0x71 /Applications/VEXcode.app/Contents/Resources/sdk/vexv5/libv5rt.a(vex_timer.cpp.obj)
 .comment       0x000000000000009d       0x71 /Applications/VEXcode.app/Contents/Resources/sdk/vexv5/libv5rt.a(v5_apiuser.c.obj)
 .comment       0x000000000000009d       0x71 /Applications/VEXcode.app/Contents/Resources/sdk/vexv5/libv5rt.a(vex_global.cpp.obj)
 .comment       0x000000000000009d       0x71 /Applications/VEXcode.app/Contents/Resources/sdk/vexv5/libv5rt.a(vex_device.cpp.obj)
 .comment       0x000000000000009d       0x71 /Applications/VEXcode.app/Contents/Resources/sdk/vexv5/libv5rt.a(vex_event.cpp.obj)
 .comment       0x000000000000009d       0x71 /Applications/VEXcode.app/Contents/Resources/sdk/vexv5/libv5rt.a(vex_mevent.cpp.obj)

.note.GNU-stack
                0x0000000000000000        0x0
 .note.GNU-stack
                0x0000000000000000        0x0 build/src/main.o

.debug_frame    0x0000000000000000       0x60
 .debug_frame   0x0000000000000000       0x34 /Applications/VEXcode.app/Contents/Resources/sdk/vexv5/gcc/libs/libc.a(lib_a-fini.o)
 .debug_frame   0x0000000000000034       0x2c /Applications/VEXcode.app/Contents/Resources/sdk/vexv5/gcc/libs/libc.a(lib_a-init.o)
